// Jest Snapshot v1, https://goo.gl/fbAQLP

exports[`PokemonCardItem renders correctly 1`] = `
<div
  class="flex flex-col w-full rounded-2xl items-start justify-center bg-white font-bold text-lg p-4 cursor-pointer"
  data-testid="pokemon-card-item"
>
  <p>
    #
    1
     - 
    bulbasaur
  </p>
</div>
`;
